// Jest Snapshot v1, https://goo.gl/fbAQLP

exports[`Conversion Component displays uploaded videos 1`] = `
<DocumentFragment>
  <div
    class="container mx-0 lg:mx-auto w-full lg:w-4/5 bg-white p-4 sm:p-8 rounded-lg shadow-lg"
  >
    <ul
      class="space-y-4"
    >
      <li
        class="flex flex-col gap-4 sm:flex-row sm:gap-0 justify-between items-center border border-gray-300 p-4 rounded-lg"
      >
        <div
          class="flex flex-col sm:flex-row w-full md:w-8/12 justify-center"
        >
          <div
            class="flex flex-col w-full sm:w-7/12"
          >
            <span
              class="text-teal-800 text-center sm:text-left mb-4 sm:mb-0 text-sm lg:text-base font-semibold"
            >
              test_video.mp4
            </span>
          </div>
          <div
            class="flex items-center sm:ml-12 lg:ml-0 lg:justify-start justify-center w-full sm:w-5/12 mt-2 sm:mt-0"
          >
            <div
              class="relative w-3/5 sm:w-48 h-4 bg-gray-200 rounded-full overflow-hidden"
            >
              <div
                class="absolute left-0 top-0 bg-green-500 h-full rounded-full"
                style="width: 100%; transition: width 4s ease-in-out; animation: none;"
              />
              <span
                class="absolute top-1/2 left-1/2 transform -translate-x-1/2 -translate-y-1/2 text-white text-xs sm:text-sm"
              >
                completed
              </span>
            </div>
          </div>
        </div>
        <div
          class="flex items-center justify-center sm:justify-end sm:ml-2 gap-6 w-full md:w-4/12 mt-4 sm:mt-0"
        >
          <div
            class="relative inline-block text-left"
          >
            <div
              aria-expanded="true"
              aria-haspopup="true"
              class="py-2 sm:px-4 px-8 md:px-8 lg:px-4 flex items-center justify-center lg:justify-start text-center gap-4 lg:gap-6 w-full rounded-t-lg transition-colors duration-300 bg-teal-500 hover:bg-teal-600 shadow-2xl drop-shadow-2xl text-white"
              id="options-menu"
            >
              <button
                class="text-sm sm:text-lg lg:text-xl xl:text-2xl text-white"
                type="button"
              >
                Download
              </button>
              <div
                class="hidden lg:block lg:h-10 p-0 lg:w-0.5 bg-white"
              />
              <svg
                class="hidden lg:block lg:text-2xl text-white cursor-pointer"
                fill="currentColor"
                height="1em"
                stroke="currentColor"
                stroke-width="0"
                viewBox="0 0 512 512"
                width="1em"
                xmlns="http://www.w3.org/2000/svg"
              >
                <path
                  d="M48 256c0 114.9 93.1 208 208 208s208-93.1 208-208S370.9 48 256 48 48 141.1 48 256zm289.1-43.4c7.5-7.5 19.8-7.5 27.3 0 3.8 3.8 5.6 8.7 5.6 13.6s-1.9 9.9-5.7 13.7l-94.3 94c-7.6 6.9-19.3 6.7-26.6-.6l-95.7-95.4c-7.5-7.5-7.6-19.7 0-27.3 7.5-7.5 19.7-7.6 27.3 0l81.1 81.9 81-79.9z"
                />
              </svg>
            </div>
          </div>
          <button
            title="Delete"
          >
            <svg
              class="text-2xl text-gray-500 hover:text-red-600 transform hover:scale-110 transition-colors duration-300"
              fill="currentColor"
              height="1em"
              stroke="currentColor"
              stroke-width="0"
              viewBox="0 0 24 24"
              width="1em"
              xmlns="http://www.w3.org/2000/svg"
            >
              <path
                d="M0 0h24v24H0z"
                fill="none"
              />
              <path
                d="M6 19c0 1.1.9 2 2 2h8c1.1 0 2-.9 2-2V7H6v12zM19 4h-3.5l-1-1h-5l-1 1H5v2h14V4z"
              />
            </svg>
          </button>
        </div>
      </li>
    </ul>
    <p
      class="text-gray-400 text-xs md:text-sm lg:text-base mt-4 text-center sm:text-left"
    >
      Converted files are automatically deleted after 8 hours to protect your privacy. Please download your files before they are deleted.
    </p>
  </div>
</DocumentFragment>
`;

exports[`Conversion Component handles remove video action 1`] = `
<DocumentFragment>
  <div
    class="container mx-0 lg:mx-auto w-full lg:w-4/5 bg-white p-4 sm:p-8 rounded-lg shadow-lg"
  >
    <ul
      class="space-y-4"
    >
      <li
        class="flex flex-col gap-4 sm:flex-row sm:gap-0 justify-between items-center border border-gray-300 p-4 rounded-lg"
      >
        <div
          class="flex flex-col sm:flex-row w-full md:w-8/12 justify-center"
        >
          <div
            class="flex flex-col w-full sm:w-7/12"
          >
            <span
              class="text-teal-800 text-center sm:text-left mb-4 sm:mb-0 text-sm lg:text-base font-semibold"
            >
              test_video.mp4
            </span>
          </div>
          <div
            class="flex items-center sm:ml-12 lg:ml-0 lg:justify-start justify-center w-full sm:w-5/12 mt-2 sm:mt-0"
          >
            <div
              class="relative w-3/5 sm:w-48 h-4 bg-gray-200 rounded-full overflow-hidden"
            >
              <div
                class="absolute left-0 top-0 bg-green-500 h-full rounded-full"
                style="width: 100%; transition: width 4s ease-in-out; animation: none;"
              />
              <span
                class="absolute top-1/2 left-1/2 transform -translate-x-1/2 -translate-y-1/2 text-white text-xs sm:text-sm"
              >
                completed
              </span>
            </div>
          </div>
        </div>
        <div
          class="flex items-center justify-center sm:justify-end sm:ml-2 gap-6 w-full md:w-4/12 mt-4 sm:mt-0"
        >
          <div
            class="relative inline-block text-left"
          >
            <div
              aria-expanded="true"
              aria-haspopup="true"
              class="py-2 sm:px-4 px-8 md:px-8 lg:px-4 flex items-center justify-center lg:justify-start text-center gap-4 lg:gap-6 w-full rounded-t-lg transition-colors duration-300 bg-teal-500 hover:bg-teal-600 shadow-2xl drop-shadow-2xl text-white"
              id="options-menu"
            >
              <button
                class="text-sm sm:text-lg lg:text-xl xl:text-2xl text-white"
                type="button"
              >
                Download
              </button>
              <div
                class="hidden lg:block lg:h-10 p-0 lg:w-0.5 bg-white"
              />
              <svg
                class="hidden lg:block lg:text-2xl text-white cursor-pointer"
                fill="currentColor"
                height="1em"
                stroke="currentColor"
                stroke-width="0"
                viewBox="0 0 512 512"
                width="1em"
                xmlns="http://www.w3.org/2000/svg"
              >
                <path
                  d="M48 256c0 114.9 93.1 208 208 208s208-93.1 208-208S370.9 48 256 48 48 141.1 48 256zm289.1-43.4c7.5-7.5 19.8-7.5 27.3 0 3.8 3.8 5.6 8.7 5.6 13.6s-1.9 9.9-5.7 13.7l-94.3 94c-7.6 6.9-19.3 6.7-26.6-.6l-95.7-95.4c-7.5-7.5-7.6-19.7 0-27.3 7.5-7.5 19.7-7.6 27.3 0l81.1 81.9 81-79.9z"
                />
              </svg>
            </div>
          </div>
          <button
            title="Delete"
          >
            <svg
              class="text-2xl text-gray-500 hover:text-red-600 transform hover:scale-110 transition-colors duration-300"
              fill="currentColor"
              height="1em"
              stroke="currentColor"
              stroke-width="0"
              viewBox="0 0 24 24"
              width="1em"
              xmlns="http://www.w3.org/2000/svg"
            >
              <path
                d="M0 0h24v24H0z"
                fill="none"
              />
              <path
                d="M6 19c0 1.1.9 2 2 2h8c1.1 0 2-.9 2-2V7H6v12zM19 4h-3.5l-1-1h-5l-1 1H5v2h14V4z"
              />
            </svg>
          </button>
        </div>
      </li>
    </ul>
    <p
      class="text-gray-400 text-xs md:text-sm lg:text-base mt-4 text-center sm:text-left"
    >
      Converted files are automatically deleted after 8 hours to protect your privacy. Please download your files before they are deleted.
    </p>
  </div>
</DocumentFragment>
`;

exports[`Conversion Component renders without crashing 1`] = `
<DocumentFragment>
  <div
    class="container mx-0 lg:mx-auto w-full lg:w-4/5 bg-white p-4 sm:p-8 rounded-lg shadow-lg"
  >
    <ul
      class="space-y-4"
    >
      <li
        class="flex flex-col gap-4 sm:flex-row sm:gap-0 justify-between items-center border border-gray-300 p-4 rounded-lg"
      >
        <div
          class="flex flex-col sm:flex-row w-full md:w-8/12 justify-center"
        >
          <div
            class="flex flex-col w-full sm:w-7/12"
          >
            <span
              class="text-teal-800 text-center sm:text-left mb-4 sm:mb-0 text-sm lg:text-base font-semibold"
            >
              test_video.mp4
            </span>
          </div>
          <div
            class="flex items-center sm:ml-12 lg:ml-0 lg:justify-start justify-center w-full sm:w-5/12 mt-2 sm:mt-0"
          >
            <div
              class="relative w-3/5 sm:w-48 h-4 bg-gray-200 rounded-full overflow-hidden"
            >
              <div
                class="absolute left-0 top-0 bg-green-500 h-full rounded-full"
                style="width: 100%; transition: width 4s ease-in-out; animation: none;"
              />
              <span
                class="absolute top-1/2 left-1/2 transform -translate-x-1/2 -translate-y-1/2 text-white text-xs sm:text-sm"
              >
                completed
              </span>
            </div>
          </div>
        </div>
        <div
          class="flex items-center justify-center sm:justify-end sm:ml-2 gap-6 w-full md:w-4/12 mt-4 sm:mt-0"
        >
          <div
            class="relative inline-block text-left"
          >
            <div
              aria-expanded="true"
              aria-haspopup="true"
              class="py-2 sm:px-4 px-8 md:px-8 lg:px-4 flex items-center justify-center lg:justify-start text-center gap-4 lg:gap-6 w-full rounded-t-lg transition-colors duration-300 bg-teal-500 hover:bg-teal-600 shadow-2xl drop-shadow-2xl text-white"
              id="options-menu"
            >
              <button
                class="text-sm sm:text-lg lg:text-xl xl:text-2xl text-white"
                type="button"
              >
                Download
              </button>
              <div
                class="hidden lg:block lg:h-10 p-0 lg:w-0.5 bg-white"
              />
              <svg
                class="hidden lg:block lg:text-2xl text-white cursor-pointer"
                fill="currentColor"
                height="1em"
                stroke="currentColor"
                stroke-width="0"
                viewBox="0 0 512 512"
                width="1em"
                xmlns="http://www.w3.org/2000/svg"
              >
                <path
                  d="M48 256c0 114.9 93.1 208 208 208s208-93.1 208-208S370.9 48 256 48 48 141.1 48 256zm289.1-43.4c7.5-7.5 19.8-7.5 27.3 0 3.8 3.8 5.6 8.7 5.6 13.6s-1.9 9.9-5.7 13.7l-94.3 94c-7.6 6.9-19.3 6.7-26.6-.6l-95.7-95.4c-7.5-7.5-7.6-19.7 0-27.3 7.5-7.5 19.7-7.6 27.3 0l81.1 81.9 81-79.9z"
                />
              </svg>
            </div>
          </div>
          <button
            title="Delete"
          >
            <svg
              class="text-2xl text-gray-500 hover:text-red-600 transform hover:scale-110 transition-colors duration-300"
              fill="currentColor"
              height="1em"
              stroke="currentColor"
              stroke-width="0"
              viewBox="0 0 24 24"
              width="1em"
              xmlns="http://www.w3.org/2000/svg"
            >
              <path
                d="M0 0h24v24H0z"
                fill="none"
              />
              <path
                d="M6 19c0 1.1.9 2 2 2h8c1.1 0 2-.9 2-2V7H6v12zM19 4h-3.5l-1-1h-5l-1 1H5v2h14V4z"
              />
            </svg>
          </button>
        </div>
      </li>
    </ul>
    <p
      class="text-gray-400 text-xs md:text-sm lg:text-base mt-4 text-center sm:text-left"
    >
      Converted files are automatically deleted after 8 hours to protect your privacy. Please download your files before they are deleted.
    </p>
  </div>
</DocumentFragment>
`;

exports[`Conversion Component shows completed progress for uploaded videos 1`] = `
<DocumentFragment>
  <div
    class="container mx-0 lg:mx-auto w-full lg:w-4/5 bg-white p-4 sm:p-8 rounded-lg shadow-lg"
  >
    <ul
      class="space-y-4"
    >
      <li
        class="flex flex-col gap-4 sm:flex-row sm:gap-0 justify-between items-center border border-gray-300 p-4 rounded-lg"
      >
        <div
          class="flex flex-col sm:flex-row w-full md:w-8/12 justify-center"
        >
          <div
            class="flex flex-col w-full sm:w-7/12"
          >
            <span
              class="text-teal-800 text-center sm:text-left mb-4 sm:mb-0 text-sm lg:text-base font-semibold"
            >
              test_video.mp4
            </span>
          </div>
          <div
            class="flex items-center sm:ml-12 lg:ml-0 lg:justify-start justify-center w-full sm:w-5/12 mt-2 sm:mt-0"
          >
            <div
              class="relative w-3/5 sm:w-48 h-4 bg-gray-200 rounded-full overflow-hidden"
            >
              <div
                class="absolute left-0 top-0 bg-green-500 h-full rounded-full"
                style="width: 100%; transition: width 4s ease-in-out; animation: none;"
              />
              <span
                class="absolute top-1/2 left-1/2 transform -translate-x-1/2 -translate-y-1/2 text-white text-xs sm:text-sm"
              >
                completed
              </span>
            </div>
          </div>
        </div>
        <div
          class="flex items-center justify-center sm:justify-end sm:ml-2 gap-6 w-full md:w-4/12 mt-4 sm:mt-0"
        >
          <div
            class="relative inline-block text-left"
          >
            <div
              aria-expanded="true"
              aria-haspopup="true"
              class="py-2 sm:px-4 px-8 md:px-8 lg:px-4 flex items-center justify-center lg:justify-start text-center gap-4 lg:gap-6 w-full rounded-t-lg transition-colors duration-300 bg-teal-500 hover:bg-teal-600 shadow-2xl drop-shadow-2xl text-white"
              id="options-menu"
            >
              <button
                class="text-sm sm:text-lg lg:text-xl xl:text-2xl text-white"
                type="button"
              >
                Download
              </button>
              <div
                class="hidden lg:block lg:h-10 p-0 lg:w-0.5 bg-white"
              />
              <svg
                class="hidden lg:block lg:text-2xl text-white cursor-pointer"
                fill="currentColor"
                height="1em"
                stroke="currentColor"
                stroke-width="0"
                viewBox="0 0 512 512"
                width="1em"
                xmlns="http://www.w3.org/2000/svg"
              >
                <path
                  d="M48 256c0 114.9 93.1 208 208 208s208-93.1 208-208S370.9 48 256 48 48 141.1 48 256zm289.1-43.4c7.5-7.5 19.8-7.5 27.3 0 3.8 3.8 5.6 8.7 5.6 13.6s-1.9 9.9-5.7 13.7l-94.3 94c-7.6 6.9-19.3 6.7-26.6-.6l-95.7-95.4c-7.5-7.5-7.6-19.7 0-27.3 7.5-7.5 19.7-7.6 27.3 0l81.1 81.9 81-79.9z"
                />
              </svg>
            </div>
          </div>
          <button
            title="Delete"
          >
            <svg
              class="text-2xl text-gray-500 hover:text-red-600 transform hover:scale-110 transition-colors duration-300"
              fill="currentColor"
              height="1em"
              stroke="currentColor"
              stroke-width="0"
              viewBox="0 0 24 24"
              width="1em"
              xmlns="http://www.w3.org/2000/svg"
            >
              <path
                d="M0 0h24v24H0z"
                fill="none"
              />
              <path
                d="M6 19c0 1.1.9 2 2 2h8c1.1 0 2-.9 2-2V7H6v12zM19 4h-3.5l-1-1h-5l-1 1H5v2h14V4z"
              />
            </svg>
          </button>
        </div>
      </li>
    </ul>
    <p
      class="text-gray-400 text-xs md:text-sm lg:text-base mt-4 text-center sm:text-left"
    >
      Converted files are automatically deleted after 8 hours to protect your privacy. Please download your files before they are deleted.
    </p>
  </div>
</DocumentFragment>
`;
