// Jest Snapshot v1, https://goo.gl/fbAQLP

exports[`UploadOptions Component handles Dropbox selection 1`] = `
<DocumentFragment>
  <div
    class="absolute text-2xl top-full left-0 w-full bg-teal-500 text-center text-white rounded-lg my-px shadow-lg"
  >
    <ul>
      <label
        class="cursor-pointer"
        for="upload-file"
      >
        <li
          class="p-4 pl-8 hover:bg-teal-600 flex items-center transition-colors duration-300"
        >
          <input
            accept="video/*"
            class="hidden"
            id="upload-file"
            multiple=""
            type="file"
          />
          <svg
            class="text-2xl mr-4"
            fill="currentColor"
            height="1em"
            stroke="currentColor"
            stroke-width="0"
            viewBox="0 0 512 512"
            width="1em"
            xmlns="http://www.w3.org/2000/svg"
          >
            <path
              d="M448 119c0-13.3-9.4-23-22.8-23H230.9c-2.8 0-4.3-.6-6.1-2.4l-22.5-22.5-.2-.2c-4.9-4.6-8.9-6.9-17.3-6.9H88.7C74.9 64 64 74.3 64 87v73h384v-41zM64 188h-8.3c-12.8 0-25.3 5.1-23.5 24.3C34 231.5 55.7 423 55.7 423c2.7 17.8 11.7 25 25 25h352.5c12.7 0 21-7.8 23-25 0 0 22.2-184.9 23.6-205.5 1.4-20.5-8.9-29.5-23.6-29.5H64z"
            />
          </svg>
          From Device
        </li>
      </label>
      <div
        data-testid="mock-dropbox-chooser"
      >
        <li
          class="p-4 pl-8 hover:bg-teal-600 flex items-center cursor-pointer transition-colors duration-300"
        >
          <svg
            class="text-2xl mr-4"
            fill="currentColor"
            height="1em"
            stroke="currentColor"
            stroke-width="0"
            viewBox="0 0 528 512"
            width="1em"
            xmlns="http://www.w3.org/2000/svg"
          >
            <path
              d="M264.4 116.3l-132 84.3 132 84.3-132 84.3L0 284.1l132.3-84.3L0 116.3 132.3 32l132.1 84.3zM131.6 395.7l132-84.3 132 84.3-132 84.3-132-84.3zm132.8-111.6l132-84.3-132-83.6L395.7 32 528 116.3l-132.3 84.3L528 284.8l-132.3 84.3-131.3-85z"
            />
          </svg>
          From Dropbox
        </li>
      </div>
      <a
        class="p-4 pl-8 hover:bg-teal-600 flex items-center cursor-pointer transition-colors duration-300"
        href="/"
      >
        <svg
          class="text-2xl mr-4"
          fill="currentColor"
          height="1em"
          stroke="currentColor"
          stroke-width="0"
          version="1.1"
          viewBox="0 0 32 32"
          width="1em"
          xmlns="http://www.w3.org/2000/svg"
        >
          <path
            d="M12.649 20.427h-0.126l-0.061 0.109-3.245 5.675h14.773l0.061-0.109 3.246-5.674h-0.373zM20.573 19.075l0.062 0.108h0.126l6.536-0.028-0.187-0.322-7.199-12.471-0.126 0-6.537 0.027 0.187 0.322zM15.445 12.789l-0.063-0.109-3.292-5.646-0.186 0.322-7.201 12.47 0.064 0.109 3.292 5.648 0.186-0.323 7.138-12.363z"
          />
        </svg>
        From Google Drive
      </a>
    </ul>
  </div>
</DocumentFragment>
`;

exports[`UploadOptions Component handles Google Drive selection 1`] = `
<DocumentFragment>
  <div
    class="absolute text-2xl top-full left-0 w-full bg-teal-500 text-center text-white rounded-lg my-px shadow-lg"
  >
    <ul>
      <label
        class="cursor-pointer"
        for="upload-file"
      >
        <li
          class="p-4 pl-8 hover:bg-teal-600 flex items-center transition-colors duration-300"
        >
          <input
            accept="video/*"
            class="hidden"
            id="upload-file"
            multiple=""
            type="file"
          />
          <svg
            class="text-2xl mr-4"
            fill="currentColor"
            height="1em"
            stroke="currentColor"
            stroke-width="0"
            viewBox="0 0 512 512"
            width="1em"
            xmlns="http://www.w3.org/2000/svg"
          >
            <path
              d="M448 119c0-13.3-9.4-23-22.8-23H230.9c-2.8 0-4.3-.6-6.1-2.4l-22.5-22.5-.2-.2c-4.9-4.6-8.9-6.9-17.3-6.9H88.7C74.9 64 64 74.3 64 87v73h384v-41zM64 188h-8.3c-12.8 0-25.3 5.1-23.5 24.3C34 231.5 55.7 423 55.7 423c2.7 17.8 11.7 25 25 25h352.5c12.7 0 21-7.8 23-25 0 0 22.2-184.9 23.6-205.5 1.4-20.5-8.9-29.5-23.6-29.5H64z"
            />
          </svg>
          From Device
        </li>
      </label>
      <div
        data-testid="mock-dropbox-chooser"
      >
        <li
          class="p-4 pl-8 hover:bg-teal-600 flex items-center cursor-pointer transition-colors duration-300"
        >
          <svg
            class="text-2xl mr-4"
            fill="currentColor"
            height="1em"
            stroke="currentColor"
            stroke-width="0"
            viewBox="0 0 528 512"
            width="1em"
            xmlns="http://www.w3.org/2000/svg"
          >
            <path
              d="M264.4 116.3l-132 84.3 132 84.3-132 84.3L0 284.1l132.3-84.3L0 116.3 132.3 32l132.1 84.3zM131.6 395.7l132-84.3 132 84.3-132 84.3-132-84.3zm132.8-111.6l132-84.3-132-83.6L395.7 32 528 116.3l-132.3 84.3L528 284.8l-132.3 84.3-131.3-85z"
            />
          </svg>
          From Dropbox
        </li>
      </div>
      <a
        class="p-4 pl-8 hover:bg-teal-600 flex items-center cursor-pointer transition-colors duration-300"
        href="/"
      >
        <svg
          class="text-2xl mr-4"
          fill="currentColor"
          height="1em"
          stroke="currentColor"
          stroke-width="0"
          version="1.1"
          viewBox="0 0 32 32"
          width="1em"
          xmlns="http://www.w3.org/2000/svg"
        >
          <path
            d="M12.649 20.427h-0.126l-0.061 0.109-3.245 5.675h14.773l0.061-0.109 3.246-5.674h-0.373zM20.573 19.075l0.062 0.108h0.126l6.536-0.028-0.187-0.322-7.199-12.471-0.126 0-6.537 0.027 0.187 0.322zM15.445 12.789l-0.063-0.109-3.292-5.646-0.186 0.322-7.201 12.47 0.064 0.109 3.292 5.648 0.186-0.323 7.138-12.363z"
          />
        </svg>
        From Google Drive
      </a>
    </ul>
  </div>
</DocumentFragment>
`;

exports[`UploadOptions Component handles file upload 1`] = `
<DocumentFragment>
  <div
    class="absolute text-2xl top-full left-0 w-full bg-teal-500 text-center text-white rounded-lg my-px shadow-lg"
  >
    <ul>
      <label
        class="cursor-pointer"
        for="upload-file"
      >
        <li
          class="p-4 pl-8 hover:bg-teal-600 flex items-center transition-colors duration-300"
        >
          <input
            accept="video/*"
            class="hidden"
            id="upload-file"
            multiple=""
            type="file"
          />
          <svg
            class="text-2xl mr-4"
            fill="currentColor"
            height="1em"
            stroke="currentColor"
            stroke-width="0"
            viewBox="0 0 512 512"
            width="1em"
            xmlns="http://www.w3.org/2000/svg"
          >
            <path
              d="M448 119c0-13.3-9.4-23-22.8-23H230.9c-2.8 0-4.3-.6-6.1-2.4l-22.5-22.5-.2-.2c-4.9-4.6-8.9-6.9-17.3-6.9H88.7C74.9 64 64 74.3 64 87v73h384v-41zM64 188h-8.3c-12.8 0-25.3 5.1-23.5 24.3C34 231.5 55.7 423 55.7 423c2.7 17.8 11.7 25 25 25h352.5c12.7 0 21-7.8 23-25 0 0 22.2-184.9 23.6-205.5 1.4-20.5-8.9-29.5-23.6-29.5H64z"
            />
          </svg>
          From Device
        </li>
      </label>
      <div
        data-testid="mock-dropbox-chooser"
      >
        <li
          class="p-4 pl-8 hover:bg-teal-600 flex items-center cursor-pointer transition-colors duration-300"
        >
          <svg
            class="text-2xl mr-4"
            fill="currentColor"
            height="1em"
            stroke="currentColor"
            stroke-width="0"
            viewBox="0 0 528 512"
            width="1em"
            xmlns="http://www.w3.org/2000/svg"
          >
            <path
              d="M264.4 116.3l-132 84.3 132 84.3-132 84.3L0 284.1l132.3-84.3L0 116.3 132.3 32l132.1 84.3zM131.6 395.7l132-84.3 132 84.3-132 84.3-132-84.3zm132.8-111.6l132-84.3-132-83.6L395.7 32 528 116.3l-132.3 84.3L528 284.8l-132.3 84.3-131.3-85z"
            />
          </svg>
          From Dropbox
        </li>
      </div>
      <a
        class="p-4 pl-8 hover:bg-teal-600 flex items-center cursor-pointer transition-colors duration-300"
        href="/"
      >
        <svg
          class="text-2xl mr-4"
          fill="currentColor"
          height="1em"
          stroke="currentColor"
          stroke-width="0"
          version="1.1"
          viewBox="0 0 32 32"
          width="1em"
          xmlns="http://www.w3.org/2000/svg"
        >
          <path
            d="M12.649 20.427h-0.126l-0.061 0.109-3.245 5.675h14.773l0.061-0.109 3.246-5.674h-0.373zM20.573 19.075l0.062 0.108h0.126l6.536-0.028-0.187-0.322-7.199-12.471-0.126 0-6.537 0.027 0.187 0.322zM15.445 12.789l-0.063-0.109-3.292-5.646-0.186 0.322-7.201 12.47 0.064 0.109 3.292 5.648 0.186-0.323 7.138-12.363z"
          />
        </svg>
        From Google Drive
      </a>
    </ul>
  </div>
</DocumentFragment>
`;

exports[`UploadOptions Component renders correctly 1`] = `
<DocumentFragment>
  <div
    class="absolute text-2xl top-full left-0 w-full bg-teal-500 text-center text-white rounded-lg my-px shadow-lg"
  >
    <ul>
      <label
        class="cursor-pointer"
        for="upload-file"
      >
        <li
          class="p-4 pl-8 hover:bg-teal-600 flex items-center transition-colors duration-300"
        >
          <input
            accept="video/*"
            class="hidden"
            id="upload-file"
            multiple=""
            type="file"
          />
          <svg
            class="text-2xl mr-4"
            fill="currentColor"
            height="1em"
            stroke="currentColor"
            stroke-width="0"
            viewBox="0 0 512 512"
            width="1em"
            xmlns="http://www.w3.org/2000/svg"
          >
            <path
              d="M448 119c0-13.3-9.4-23-22.8-23H230.9c-2.8 0-4.3-.6-6.1-2.4l-22.5-22.5-.2-.2c-4.9-4.6-8.9-6.9-17.3-6.9H88.7C74.9 64 64 74.3 64 87v73h384v-41zM64 188h-8.3c-12.8 0-25.3 5.1-23.5 24.3C34 231.5 55.7 423 55.7 423c2.7 17.8 11.7 25 25 25h352.5c12.7 0 21-7.8 23-25 0 0 22.2-184.9 23.6-205.5 1.4-20.5-8.9-29.5-23.6-29.5H64z"
            />
          </svg>
          From Device
        </li>
      </label>
      <div
        data-testid="mock-dropbox-chooser"
      >
        <li
          class="p-4 pl-8 hover:bg-teal-600 flex items-center cursor-pointer transition-colors duration-300"
        >
          <svg
            class="text-2xl mr-4"
            fill="currentColor"
            height="1em"
            stroke="currentColor"
            stroke-width="0"
            viewBox="0 0 528 512"
            width="1em"
            xmlns="http://www.w3.org/2000/svg"
          >
            <path
              d="M264.4 116.3l-132 84.3 132 84.3-132 84.3L0 284.1l132.3-84.3L0 116.3 132.3 32l132.1 84.3zM131.6 395.7l132-84.3 132 84.3-132 84.3-132-84.3zm132.8-111.6l132-84.3-132-83.6L395.7 32 528 116.3l-132.3 84.3L528 284.8l-132.3 84.3-131.3-85z"
            />
          </svg>
          From Dropbox
        </li>
      </div>
      <a
        class="p-4 pl-8 hover:bg-teal-600 flex items-center cursor-pointer transition-colors duration-300"
        href="/"
      >
        <svg
          class="text-2xl mr-4"
          fill="currentColor"
          height="1em"
          stroke="currentColor"
          stroke-width="0"
          version="1.1"
          viewBox="0 0 32 32"
          width="1em"
          xmlns="http://www.w3.org/2000/svg"
        >
          <path
            d="M12.649 20.427h-0.126l-0.061 0.109-3.245 5.675h14.773l0.061-0.109 3.246-5.674h-0.373zM20.573 19.075l0.062 0.108h0.126l6.536-0.028-0.187-0.322-7.199-12.471-0.126 0-6.537 0.027 0.187 0.322zM15.445 12.789l-0.063-0.109-3.292-5.646-0.186 0.322-7.201 12.47 0.064 0.109 3.292 5.648 0.186-0.323 7.138-12.363z"
          />
        </svg>
        From Google Drive
      </a>
    </ul>
  </div>
</DocumentFragment>
`;
