// Jest Snapshot v1, https://goo.gl/fbAQLP

exports[`ChangeEmail Component updates email successfully 1`] = `undefined`;
