// Jest Snapshot v1, https://goo.gl/fbAQLP

exports[`RecentTasks Component renders RecentTasks component without crashing 1`] = `<DocumentFragment />`;
